// Jest Snapshot v1, https://goo.gl/fbAQLP

exports[`it renders properly 1`] = `
<div>
  Hello there
</div>
`;
